// Jest Snapshot v1, https://goo.gl/fbAQLP

exports[`should take a snapshot for App 1`] = `
<DocumentFragment>
  <div
    class="wrapper-configurator"
  >
    <div
      class="components"
    />
  </div>
</DocumentFragment>
`;
